#,,,,,,,,,"generated_by='OpenQuake engine 3.17.0-gitfbd9affd73', start_date='2023-03-23T09:22:58', checksum=290072677, kind='mean', investigation_time=1.0, imt='PGA'"
lon,lat,depth,poe-0.0050000,poe-0.0192000,poe-0.1030000,poe-0.1450000,poe-0.7780000,poe-1.0900000,poe-1.5200000
0.00000,0.00000,0.00000,2.526495E-01,6.888354E-02,4.463586E-03,2.474227E-03,0.000000E+00,0.000000E+00,0.000000E+00
0.00000,1.00000,0.00000,2.042913E-01,6.994234E-02,5.007393E-03,2.465171E-03,9.516258E-05,0.000000E+00,0.000000E+00
0.00000,2.50000,0.00000,4.205555E-02,3.711341E-03,0.000000E+00,0.000000E+00,0.000000E+00,0.000000E+00,0.000000E+00
