#,,,,,,,"generated_by='OpenQuake engine 3.17.0-git2835dfbf6f', start_date='2023-03-08T05:02:10', checksum=1448297306"
rlz_id,return_period,retention,claim,treaty_1,treaty_2,xlr1,overspill_treaty_2
0,5.00000E+01,3.15887E+02,9.99283E+02,8.06139E+01,2.38486E+02,3.64297E+02,0.00000E+00
0,1.00000E+02,1.65826E+03,3.78695E+03,2.28695E+02,4.00000E+02,1.25605E+03,6.57390E+02
0,2.00000E+02,2.87793E+03,4.91626E+03,3.82285E+02,4.00000E+02,1.50000E+03,8.01935E+02
