#,,,"generated_by='OpenQuake engine 3.17.0-git28003682d4', start_date='2023-03-24T08:33:10', checksum=1056964987"
rlz_id,return_period,retention,claim
0,5.00000E+01,2.09593E+01,2.09593E+01
0,1.00000E+02,1.19455E+03,1.19455E+03
0,2.00000E+02,1.25548E+03,1.25548E+03
