#,,,,,,,,,,,,"generated_by='OpenQuake engine 3.17.0-gitfbd9affd73', start_date='2023-03-23T09:20:54', checksum=3727381189, investigation_time=1.0, risk_investigation_time=50.0"
asset_id,cresta,occupancy,state,taxonomy,lon,lat,business_interruption,contents,nonstructural,occupants,structural,structural+nonstructural+contents
a3,0.21,Com,02,tax1,-122.57000,38.11300,7.03061E+01,3.27909E+02,5.45033E+02,1.39226E-03,0.00000E+00,8.72942E+02
a2,0.12,Res,01,tax2,-122.11400,38.11300,5.43197E+01,1.26051E+03,8.17777E+02,1.10012E-03,1.12955E+02,1.37826E+03
a5,0.23,Res,02,tax1,-122.00000,37.91000,1.19690E+02,6.25863E+02,9.67436E+02,2.40100E-03,0.00000E+00,1.67894E+03
a4,0.22,Res,02,tax3,-122.00000,38.00000,5.40449E+01,1.08841E+03,4.83168E+02,1.13412E-03,0.00000E+00,5.06304E+03
a1,0.11,Res,01,tax1,-122.00000,38.11300,6.59303E+01,4.30249E+02,5.50675E+02,1.23177E-03,1.12826E+02,1.20658E+03
a6,0.31,Res,03,tax2,-122.00000,38.22500,2.68972E+01,6.40948E+02,7.47826E+02,5.74415E-04,0.00000E+00,1.38877E+03
a7,0.32,Res,03,tax1,-121.88600,38.11300,4.49090E+01,2.47871E+02,3.76287E+02,8.24196E-04,0.00000E+00,6.24158E+02
