occupancy,business_interruption,contents,nonstructural,occupants,structural
Res,3.65791E+02,4.29384E+03,3.94317E+03,7.26562E-03,2.25781E+02
Com,7.03061E+01,3.27909E+02,5.45033E+02,1.39226E-03,0.00000E+00
