+--------------------------+---------------+
| Total number of ruptures | 7             |
+--------------------------+---------------+
| Total number of events   | 36            |
+--------------------------+---------------+
| Rupture multiplicity     | 5.14300       |
+--------------------------+---------------+
| Events by rlz            | 8 11 10 5 1 1 |
+--------------------------+---------------+