#,,,,,,,"generated_by='OpenQuake engine 3.17.0-git150f7087a4', start_date='2023-03-23T08:20:55', checksum=575548841, kind='quantile-0.1', investigation_time=50.0, imt='PGA'"
lon,lat,depth,poe-0.0050000,poe-0.0070000,poe-0.0098000,poe-0.0137000,poe-0.0192000
0.00000,0.00000,0.00000,7.693068E-01,6.321205E-01,5.354410E-01,3.296800E-01,2.340717E-01
