#,,,"generated_by='OpenQuake engine 3.17.0-git8b952b8a8b', start_date='2023-03-11T03:54:14', checksum=2156601925, kind='mean', investigation_time=1.0, imt='PGA'"
lon,lat,depth,poe-0.1200000
0.00000,0.00000,0.00000,4.710569E-01
