#,,,,,,,,,,,,,,,,,,,,,,"generated_by='OpenQuake engine 3.17.0-gitd65998b868', start_date='2023-03-31T09:14:46', checksum=2700362283, kind='mean', investigation_time=1.0, imt='PGA'"
lon,lat,depth,poe-0.0050000,poe-0.0070015,poe-0.0098041,poe-0.0137286,poe-0.0192240,poe-0.0269192,poe-0.0376948,poe-0.0527836,poe-0.0739125,poe-0.1034991,poe-0.1449289,poe-0.2029427,poe-0.2841789,poe-0.3979333,poe-0.5572227,poe-0.7802743,poe-1.0926116,poe-1.5299748,poe-2.1424109,poe-3.0000000
9.85000,45.00000,0.00000,4.400000E-01,4.399998E-01,4.399977E-01,4.399845E-01,4.399146E-01,4.396096E-01,4.385107E-01,4.352189E-01,4.269424E-01,4.092624E-01,3.767985E-01,3.253129E-01,2.553789E-01,1.758809E-01,1.025907E-01,4.929777E-02,1.919291E-02,6.008415E-03,1.508660E-03,3.038597E-04
