#,,,,"generated_by='OpenQuake engine 3.17.0-gitfbd9affd73', start_date='2023-03-23T09:23:29', checksum=2174348292, risk_investigation_time=50.0, num_events=2, effective_time=10.0, limit_states=''"
site_id,return_period,loss_type,loss_value,loss_ratio
0,5,structural,0.00000E+00,0.00000E+00
0,10,structural,3.85570E+02,1.28523E-02
1,5,structural,1.23065E+02,1.23065E-02
1,10,structural,1.64500E+02,1.64500E-02
