#,,,"generated_by='OpenQuake engine 3.17.0-gitfbd9affd73', start_date='2023-03-23T09:23:29', checksum=2174348292, risk_investigation_time=50.0, num_events=2, effective_time=10.0, limit_states=''"
return_period,loss_type,loss_value,loss_ratio
5,structural,1.23065E+02,3.07662E-03
10,structural,5.50070E+02,1.37518E-02
