#,,,,,,,"generated_by='OpenQuake engine 3.17.0-gitfbd9affd73', start_date='2023-03-23T09:23:29', checksum=2174348292, investigation_time=1.0, risk_investigation_time=50.0"
asset_id,cresta,site_id,state,taxonomy,lon,lat,structural
a2,0.11,0,01,tax1,-122.00000,38.10000,1.26300E+03
a3,0.11,0,01,tax1,-122.00000,38.10000,6.64854E+02
a1,0.11,1,01,tax1,-122.00000,38.11300,1.43782E+03
