#,,,,,,,,,,,,,,,,,,,,,,"generated_by='OpenQuake engine 3.17.0-git4e881eec45', start_date='2023-03-08T09:46:52', checksum=1235073175, kind='mean', investigation_time=1.0, imt='PGA'"
lon,lat,depth,poe-0.0050000,poe-0.0070015,poe-0.0098041,poe-0.0137286,poe-0.0192240,poe-0.0269192,poe-0.0376948,poe-0.0527836,poe-0.0739125,poe-0.1034991,poe-0.1449289,poe-0.2029427,poe-0.2841789,poe-0.3979333,poe-0.5572227,poe-0.7802743,poe-1.0926116,poe-1.5299748,poe-2.1424109,poe-3.0000000
-123.40000,46.40000,0.00000,5.122307E-02,5.122307E-02,5.122307E-02,5.122307E-02,5.122307E-02,5.122307E-02,5.122118E-02,5.119999E-02,5.105894E-02,5.043421E-02,4.857324E-02,4.429097E-02,3.670148E-02,2.644135E-02,1.592761E-02,7.785706E-03,3.015728E-03,8.910866E-04,1.749122E-04,1.647455E-05
