#,,,,,,,,,,,,,,,,,,,,,,"generated_by='OpenQuake engine 3.17.0-git4e881eec45', start_date='2023-03-08T09:45:29', checksum=3274485534, kind='mean', investigation_time=1.0, imt='PGA'"
lon,lat,depth,poe-0.0050000,poe-0.0070015,poe-0.0098041,poe-0.0137286,poe-0.0192240,poe-0.0269192,poe-0.0376948,poe-0.0527836,poe-0.0739125,poe-0.1034991,poe-0.1449289,poe-0.2029427,poe-0.2841789,poe-0.3979333,poe-0.5572227,poe-0.7802743,poe-1.0926116,poe-1.5299748,poe-2.1424109,poe-3.0000000
-123.40000,46.40000,0.00000,5.122307E-02,5.122307E-02,5.122307E-02,5.122307E-02,5.122307E-02,5.122307E-02,5.122305E-02,5.122054E-02,5.118109E-02,5.092847E-02,4.999400E-02,4.746806E-02,4.219544E-02,3.369987E-02,2.319709E-02,1.328448E-02,6.160852E-03,2.258856E-03,6.238748E-04,1.112479E-04
