#,,,,"generated_by='OpenQuake engine 3.17.0-gitfbd9affd73', start_date='2023-03-23T09:20:27', checksum=91486865, investigation_time=5.0, risk_investigation_time=5.0"
asset_id,taxonomy,lon,lat,structural
a2371,M1_2_PC,-9.46228,38.79563,1.04521E+05
